[1;38;2;226;232;240mRedesign TUI history  ·  IMPLEMENTING  ·  r7  ·  v0.22.0[m
[38;2;148;163;184mShip read-only terminal inspection[m
[1;38;2;224;242;254mTree[m | Status | Units | Activity
[1;38;2;103;232;249m╭ TREE ────────────────────────────────────────────────────╮[m
[1;38;2;103;232;249m│[m [38;2;103;232;249m  ● ▾ Redesign TUI history · active[m                      [1;38;2;103;232;249m│[m
[1;38;2;103;232;249m│[m [38;2;134;239;172m  ✓ ├─ ▸ Spec · done[m                                     [1;38;2;103;232;249m│[m
[1;38;2;103;232;249m│[m [38;2;103;232;249m  ● └─ ▾ Build · active[m                                  [1;38;2;103;232;249m│[m
[1;38;2;103;232;249m│[m [38;2;148;163;184m  ○   ├─ approved · recorded[m                             [1;38;2;103;232;249m│[m
[1;38;2;103;232;249m│[m [38;2;134;239;172m  ✓   ├─ Map history signals · done[m                      [1;38;2;103;232;249m│[m
[1;38;2;103;232;249m│[m [38;2;134;239;172m  ✓   ├─ Define responsive hierarchy · done[m              [1;38;2;103;232;249m│[m
[1;38;2;103;232;249m│[m [1;38;2;224;242;254m▶ ●   └─ Render diseño operativo · active[m                [1;38;2;103;232;249m│[m
[1;38;2;103;232;249m│[m                                                          [1;38;2;103;232;249m│[m
[1;38;2;103;232;249m│[m                                                          [1;38;2;103;232;249m│[m
[1;38;2;103;232;249m│[m                                                          [1;38;2;103;232;249m│[m
[1;38;2;103;232;249m│[m                                                          [1;38;2;103;232;249m│[m
[1;38;2;103;232;249m│[m                                                          [1;38;2;103;232;249m│[m
[1;38;2;103;232;249m│[m                                                          [1;38;2;103;232;249m│[m
[1;38;2;103;232;249m│[m                                                          [1;38;2;103;232;249m│[m
[1;38;2;103;232;249m│[m                                                          [1;38;2;103;232;249m│[m
[1;38;2;103;232;249m│[m                                                          [1;38;2;103;232;249m│[m
[1;38;2;103;232;249m│[m                                                          [1;38;2;103;232;249m│[m
[1;38;2;103;232;249m│[m                                                          [1;38;2;103;232;249m│[m
[1;38;2;103;232;249m╰──────────────────────────────────────────────────────────╯[m
[38;2;203;213;225mtab/S-tab pane · j/k · enter · h · / · r · q quit           [m