[38;2;71;85;105m╭──────────────────────────────────────────────────────────────────────────────╮[m
[38;2;71;85;105m│[m [1;38;2;224;242;254mPitCrew2[m                                                             [1;38;2;244;114;182mv0.24.0[m [38;2;71;85;105m│[m
[38;2;71;85;105m│[m [38;2;148;163;184mControl Plane[m                                                                [38;2;71;85;105m│[m
[38;2;71;85;105m╰──────────────────────────────────────────────────────────────────────────────╯[m

[1;38;2;226;232;240mDIRECT DELIVERY[m
[1mGoal[m  Update bounded docs
[1mRoute[m  delegated_direct
[1mStatus[m  completed
[1mRevision[m  2
[1mStarted[m  2026-08-29 12:00
[1mUpdated[m  2026-08-29 12:05
[1mFinished[m  2026-08-29 12:05
[1mReason[m  Several simple files
[1mSummary[m  Docs and checks passed
[1mNext action[m  None
[38;2;203;213;225mr refresh • h back • q quit  ·  80x24                                           [m