[38;2;71;85;105m╭──────────────────────────────────────────────────────────╮[m
[38;2;71;85;105m│[m [1;38;2;224;242;254mPitCrew2[m                                         [1;38;2;244;114;182mv0.14.0[m [38;2;71;85;105m│[m
[38;2;71;85;105m│[m [38;2;148;163;184mControl Plane[m                                            [38;2;71;85;105m│[m
[38;2;71;85;105m╰──────────────────────────────────────────────────────────╯[m

[1;38;2;226;232;240mRedesign TUI history  ·  IMPLEMENTING  ·  r7[m
[1mPROGRESS[m  2/3 done · 66%
[1mNOW[m  Reviewing · Render diseño operativo
[1mNEXT[m  workflow list-ready-units
[1mSTAGES[m  ○ Ex  ✓ Sp  ○ De  ○ Pl  ● Bu  ○ Re
[1;38;2;226;232;240mUNITS[m  2/3 done
✓ Map history signals · +2 more
[1;38;2;226;232;240mTIMELINE[m  4 events
[1;38;2;103;232;249m▶ [m03:20  Review · Recorded review — Approved · Render diseñ…
    actor pc2-reviewer · try 1
[38;2;203;213;225mj/k • enter • r refresh • q quit • row 4/4  ·  60x16        [m