[1;38;2;125;211;252mPITCREW  WORKFLOW FLIGHT RECORDER[m  [1;38;2;251;191;36mSINGLE PANE[m
[38;2;71;85;105m╭──────────────────────────────────────────────────────────────────╮[m
[38;2;71;85;105m│[m STATUS RAIL                                                      [38;2;71;85;105m│[m
[38;2;71;85;105m│[m [1;38;2;103;232;249m▶ [m[38;2;252;211;77m[ACTIVE][m wf-alpha r7                                           [38;2;71;85;105m│[m
[38;2;71;85;105m│[m   Ship read-only terminal inspection                             [38;2;71;85;105m│[m
[38;2;71;85;105m│[m   [38;2;134;239;172m[DONE][m wf-beta r3                                              [38;2;71;85;105m│[m
[38;2;71;85;105m│[m   Rename the coordination role                                   [38;2;71;85;105m│[m
[38;2;71;85;105m╰──────────────────────────────────────────────────────────────────╯[m
[38;2;203;213;225m↑/k ↓/j move • h back • l/enter open • / search • q quit  ·  72x24[m