[1;38;2;224;242;254mPitCrew2[m  [38;2;148;163;184mControl Plane[m  [1;38;2;244;114;182mv0.4.0[m
WORKFLOWS
  Started           │ Work                         │ Status
[1;38;2;103;232;249m▶ [m2026-08-22 03:17  │ Redesign TUI history         │ [38;2;252;211;77m[IMPLEMENTING][m
  2026-08-20 12:00  │ Rename Daimon                │ [38;2;134;239;172m[DONE][m
[38;2;203;213;225m↑/k up • ↓/j down • ←/h back • →/l/enter select • / search • q quit  · …[m