Redesign TUI history  ·  IMPLEMENTING  ·  r7  ·  v0.17.0
Ship read-only terminal inspection
[Tree] | Status | Units | Activity
╭ TREE ────────────────────────────────────────────────────╮
│   ● ▾ Redesign TUI history · active                      │
│   ✓ ├─ ▸ Spec · done                                     │
│   ● └─ ▾ Build · active                                  │
│   ○   ├─ approved · recorded                             │
│   ✓   ├─ Map history signals · done                      │
│   ✓   ├─ Define responsive hierarchy · done              │
│ ▶ ●   └─ Render diseño operativo · active                │
│                                                          │
│                                                          │
│                                                          │
╰──────────────────────────────────────────────────────────╯
tab/S-tab pane · j/k · enter · h · / · r · q quit