╭──────────────────────────────────────────────────────────╮
│ PitCrew2                                         v0.12.0 │
│ Control Plane                                            │
╰──────────────────────────────────────────────────────────╯

Redesign TUI history  IMPLEMENTING  r7
Goal  Ship read-only terminal inspection
Progress  2/3 planned · 66%
Next  workflow list-ready-units
PENDING WORK  1
[REVIEWING] Render diseño operativo · try 1
HISTORY  4 occurrences
▶ 03:20 · Review · Recorded review
  Render diseño operativo · try 1 · Approved
     Unit review
j/k • enter • r refresh • q quit • row 4/4  ·  60x16