[38;2;71;85;105m╭────────────────────────────────────────────────────────────────────────────────────────────────────────────────────────────────────────────────────────────────────╮[m
[38;2;71;85;105m│[m [1;38;2;224;242;254mPitCrew2[m                                                                                                                                                   [1;38;2;244;114;182mv0.12.0[m [38;2;71;85;105m│[m
[38;2;71;85;105m│[m [38;2;148;163;184mControl Plane[m                                                                                                                                                      [38;2;71;85;105m│[m
[38;2;71;85;105m╰────────────────────────────────────────────────────────────────────────────────────────────────────────────────────────────────────────────────────────────────────╯[m
[1;38;2;226;232;240mRedesign TUI history  IMPLEMENTING  r7[m
[1;38;2;226;232;240mSUMMARY[m  2/3 planned · 66%
[1mCurrent[m  Reviewing · try 1 · Render diseño operativo
[1mNext[m  workflow list-ready-units
[1;38;2;226;232;240mGOAL[m
Ship read-only terminal inspection


╭──────────────────────────────────────────────────────────────────────────────────┬─────────────────────────────────────────────────────────────────────────────────╮
│ [1;38;2;226;232;240mWORKFLOW TREE[m                                                                    │ [1;38;2;226;232;240mACTIVITY / HISTORY[m  4                                                           │
│ [1mWorkflow[m  Redesign TUI history                                                   │   2026-08-22 03:17 · Explore · Created workflow                                 │
│ [1mState[m  IMPLEMENTING                                                              │   2026-08-22 03:18 · Specify · Recorded specification                           │
│ [1mRevision[m  r7                                                                     │   2026-08-22 03:19 · Implement · Recorded TDD                                   │
│ [1mCurrent[m  Render diseño operativo                                                 │ [1;38;2;103;232;249m▶ [m2026-08-22 03:20 · Review · Recorded review                                   │
│ [1mRecords[m  2                                                                       │                                                                                 │
│                                                                                  │                                                                                 │
╰──────────────────────────────────────────────────────────────────────────────────┴─────────────────────────────────────────────────────────────────────────────────╯
╭──────────────────────────────────────────────────────────────────────────────────┬─────────────────────────────────────────────────────────────────────────────────╮
│ [1;38;2;226;232;240mPENDING / BLOCKED[m  1                                                             │ [1;38;2;226;232;240mRELATED RECORDS / EVIDENCE[m  2                                                   │
│ [REVIEWING] Render diseño operativo · try 1                                      │ Specification · specification                                                   │
│ Blocked  —                                                                       │ approved · review                                                               │
│                                                                                  │                                                                                 │
│                                                                                  │                                                                                 │
│                                                                                  │                                                                                 │
╰──────────────────────────────────────────────────────────────────────────────────┴─────────────────────────────────────────────────────────────────────────────────╯
[38;2;203;213;225m↑/k ↓/j move • pg/home/end • enter evidence • r refresh • row 4/4 • q quit  ·  166x30                                                                                 [m