Redesign TUI history  ·  IMPLEMENTING  ·  r7  ·  v0.16.0
Ship read-only terminal inspection
╭ ACTIVE TREE ────────────────────────────────────────────────────────────────────╮╭ STATUS ─────────────────────────────────────────────────────────────────────────╮
│   ● ▾ Redesign TUI history · active                                             ││ ▶ ● State: implementing                                                         │
│   ✓ ├─ ▸ Spec · done                                                            ││   ○ Plan: 2/3 · 66%                                                             │
│   ● └─ ▾ Build · active                                                         ││   ● Current: Render diseño operativo                                            │
│   ○   ├─ approved · recorded                                                    ││   › Executable: workflow list-ready-units                                       │
│   ✓   ├─ Map history signals · done                                             ││                                                                                 │
│   ✓   ├─ Define responsive hierarchy · done                                     ││                                                                                 │
│ ▶ ●   └─ Render diseño operativo · active                                       ││                                                                                 │
│                                                                                 ││                                                                                 │
│                                                                                 ││                                                                                 │
│                                                                                 ││                                                                                 │
│                                                                                 ││                                                                                 │
│                                                                                 ││                                                                                 │
╰─────────────────────────────────────────────────────────────────────────────────╯╰─────────────────────────────────────────────────────────────────────────────────╯
╭ UNITS ──────────────────────────────────────────────────────────────────────────╮╭ ACTIVITY ───────────────────────────────────────────────────────────────────────╮
│   ✓ Map history signals · Done                                                  ││   ○ 2026-08-22 03:17 · Created workflow · daimon                                │
│   ✓ Define responsive hierarchy · Done                                          ││   ○ 2026-08-22 03:18 · Recorded specification · pc2-specifier                   │
│ ▶ ● Render diseño operativo · Reviewing                                         ││   ○ 2026-08-22 03:19 · Recorded TDD · pc2-implementer                           │
│                                                                                 ││ ▶ ✓ 2026-08-22 03:20 · Recorded review · pc2-reviewer                           │
│                                                                                 ││                                                                                 │
│                                                                                 ││                                                                                 │
│                                                                                 ││                                                                                 │
│                                                                                 ││                                                                                 │
│                                                                                 ││                                                                                 │
│                                                                                 ││                                                                                 │
│                                                                                 ││                                                                                 │
╰─────────────────────────────────────────────────────────────────────────────────╯╰─────────────────────────────────────────────────────────────────────────────────╯
tab/shift+tab pane · j/k move · h/l tree · enter open · / search · r refresh · q quit