╭────────────────────────────────────────────────────────────────────────────────────────────────────────────────────────────────────────────────────────────────────╮
│ PitCrew2                                                                                                                                                   v0.14.0 │
│ Control Plane                                                                                                                                                      │
╰────────────────────────────────────────────────────────────────────────────────────────────────────────────────────────────────────────────────────────────────────╯
Redesign TUI history  ·  IMPLEMENTING  ·  r7
PROGRESS  2/3 done · 66%
NOW  Reviewing · Render diseño operativo
NEXT  workflow list-ready-units
STAGES  ○ Explore ─ ✓ Spec ─ ○ Design ─ ○ Plan ─ ● Build ─ ○ Review
GOAL  Ship read-only terminal inspection
UNITS  2/3 done                                                   │TIMELINE  4 events
✓ Map history signals · Done                                      │  2026-08-22 03:17  Explore · Created workflow — Redesign TUI history
✓ Define responsive hierarchy · Done                              │  2026-08-22 03:18  Specify · Recorded specification — Diseño operativo
● Render diseño operativo · Reviewing                             │  2026-08-22 03:19  Implement · Recorded TDD — Render diseño operativo · Validation recorded
                                                                  │▶ 2026-08-22 03:20  Review · Recorded review — Render diseño operativo · Approved
                                                                  │    actor pc2-reviewer · try 1
                                                                  │
                                                                  │
                                                                  │
                                                                  │
                                                                  │
                                                                  │
                                                                  │
                                                                  │
                                                                  │
                                                                  │
                                                                  │
                                                                  │
                                                                  │
↑/k ↓/j move • pg/home/end • enter evidence • r refresh • row 4/4 • q quit  ·  166x30