[1;38;2;224;242;254mPitCrew2[m  [38;2;148;163;184mControl Plane[m  [1;38;2;244;114;182mv0.4.0[m
[1;38;2;226;232;240mRedesign TUI history  IMPLEMENTING  r7[m
Goal  Ship read-only terminal inspection
Progress  2/3 done · 1 reviewing
Current [derived]  Reviewing · try 1 · Render diseño operativo
Next  workflow list-ready-units

[1;38;2;226;232;240mHISTORY[m  4 occurrences
  When             │ Phase     │ Work           │ Try │ Activity               │ Outcome / reas…
  2026-08-22 03:17 │ Explore   │ Redesign TUI … │ —   │ Created workflow       │ Created workfl…
  2026-08-22 03:18 │ Specify   │ Diseño operat… │ —   │ Recorded specification │ Recorded speci…
  2026-08-22 03:19 │ Implement │ Render diseño… │ 1   │ Recorded TDD           │ Validation rec…
[1;38;2;103;232;249m▶ [m2026-08-22 03:20 │ Review    │ Render diseño… │ 1   │ Recorded review        │ Approved
[38;2;203;213;225m↑/k ↓/j move • pg/home/end • enter evidence • row 4/4 • q quit  ·  96x26                        [m