╭──────────────────────────────────────────────────────────╮
│ PitCrew2                                         v0.22.0 │
│ Control Plane                                            │
╰──────────────────────────────────────────────────────────╯

DELIVERIES
╭─────────────────────┬──────────────────────┬─────────────╮
│ Started             │ Delivery             │ Status      │
├─────────────────────┼──────────────────────┼─────────────┤
│   2026-08-28 01:02  │ Unicode 界 goal Uni… │ [ABANDONED] │
│   2026-08-28 01:03  │ Unicode 界 goal      │ [READY TO … │
│   2026-08-28 01:04  │ Unicode 界 goal Uni… │ [DONE]      │
│   2026-08-28 01:05  │ Unicode 界 goal Uni… │ [IMPLEMENT… │
│ ▶ 2026-08-28 01:06  │ Unicode 界 goal      │ [ABANDONED] │
╰─────────────────────┴──────────────────────┴─────────────╯
j/k • h back • enter • / search • r refresh • q quit  ·  60…